Archive member included because of file (symbol)

d:/program sources/eclipse-cpp-2022-06-r-win32-x86_64/eclipse/winavr/bin/../lib/gcc/avr/4.3.3/avr5\libgcc.a(_mulsi3.o)
                              ./MCAL/Timer/Timer_program.o (__mulsi3)
d:/program sources/eclipse-cpp-2022-06-r-win32-x86_64/eclipse/winavr/bin/../lib/gcc/avr/4.3.3/avr5\libgcc.a(_udivmodsi4.o)
                              ./MCAL/Timer/Timer_program.o (__udivmodsi4)
d:/program sources/eclipse-cpp-2022-06-r-win32-x86_64/eclipse/winavr/bin/../lib/gcc/avr/4.3.3/avr5\libgcc.a(_exit.o)
                              d:/program sources/eclipse-cpp-2022-06-r-win32-x86_64/eclipse/winavr/bin/../lib/gcc/avr/4.3.3/../../../../avr/lib/avr5/crtm32.o (exit)
d:/program sources/eclipse-cpp-2022-06-r-win32-x86_64/eclipse/winavr/bin/../lib/gcc/avr/4.3.3/avr5\libgcc.a(_clear_bss.o)
                              ./MCAL/Timer/Timer_program.o (__do_clear_bss)
d:/program sources/eclipse-cpp-2022-06-r-win32-x86_64/eclipse/winavr/bin/../lib/gcc/avr/4.3.3/avr5\libgcc.a(_fixunssfsi.o)
                              ./HAL/ULTRASONIC/ULTRASONIC_prog.o (__fixunssfsi)
d:/program sources/eclipse-cpp-2022-06-r-win32-x86_64/eclipse/winavr/bin/../lib/gcc/avr/4.3.3/avr5\libgcc.a(_addsub_sf.o)
                              ./HAL/ULTRASONIC/ULTRASONIC_prog.o (__subsf3)
d:/program sources/eclipse-cpp-2022-06-r-win32-x86_64/eclipse/winavr/bin/../lib/gcc/avr/4.3.3/avr5\libgcc.a(_mul_sf.o)
                              ./HAL/ULTRASONIC/ULTRASONIC_prog.o (__mulsf3)
d:/program sources/eclipse-cpp-2022-06-r-win32-x86_64/eclipse/winavr/bin/../lib/gcc/avr/4.3.3/avr5\libgcc.a(_div_sf.o)
                              ./HAL/ULTRASONIC/ULTRASONIC_prog.o (__divsf3)
d:/program sources/eclipse-cpp-2022-06-r-win32-x86_64/eclipse/winavr/bin/../lib/gcc/avr/4.3.3/avr5\libgcc.a(_gt_sf.o)
                              ./HAL/ULTRASONIC/ULTRASONIC_prog.o (__gtsf2)
d:/program sources/eclipse-cpp-2022-06-r-win32-x86_64/eclipse/winavr/bin/../lib/gcc/avr/4.3.3/avr5\libgcc.a(_ge_sf.o)
                              d:/program sources/eclipse-cpp-2022-06-r-win32-x86_64/eclipse/winavr/bin/../lib/gcc/avr/4.3.3/avr5\libgcc.a(_fixunssfsi.o) (__gesf2)
d:/program sources/eclipse-cpp-2022-06-r-win32-x86_64/eclipse/winavr/bin/../lib/gcc/avr/4.3.3/avr5\libgcc.a(_lt_sf.o)
                              ./HAL/ULTRASONIC/ULTRASONIC_prog.o (__ltsf2)
d:/program sources/eclipse-cpp-2022-06-r-win32-x86_64/eclipse/winavr/bin/../lib/gcc/avr/4.3.3/avr5\libgcc.a(_sf_to_si.o)
                              d:/program sources/eclipse-cpp-2022-06-r-win32-x86_64/eclipse/winavr/bin/../lib/gcc/avr/4.3.3/avr5\libgcc.a(_fixunssfsi.o) (__fixsfsi)
d:/program sources/eclipse-cpp-2022-06-r-win32-x86_64/eclipse/winavr/bin/../lib/gcc/avr/4.3.3/avr5\libgcc.a(_thenan_sf.o)
                              d:/program sources/eclipse-cpp-2022-06-r-win32-x86_64/eclipse/winavr/bin/../lib/gcc/avr/4.3.3/avr5\libgcc.a(_addsub_sf.o) (__thenan_sf)
d:/program sources/eclipse-cpp-2022-06-r-win32-x86_64/eclipse/winavr/bin/../lib/gcc/avr/4.3.3/avr5\libgcc.a(_usi_to_sf.o)
                              ./HAL/ULTRASONIC/ULTRASONIC_prog.o (__floatunsisf)
d:/program sources/eclipse-cpp-2022-06-r-win32-x86_64/eclipse/winavr/bin/../lib/gcc/avr/4.3.3/avr5\libgcc.a(_prologue.o)
                              d:/program sources/eclipse-cpp-2022-06-r-win32-x86_64/eclipse/winavr/bin/../lib/gcc/avr/4.3.3/avr5\libgcc.a(_addsub_sf.o) (__prologue_saves__)
d:/program sources/eclipse-cpp-2022-06-r-win32-x86_64/eclipse/winavr/bin/../lib/gcc/avr/4.3.3/avr5\libgcc.a(_epilogue.o)
                              d:/program sources/eclipse-cpp-2022-06-r-win32-x86_64/eclipse/winavr/bin/../lib/gcc/avr/4.3.3/avr5\libgcc.a(_addsub_sf.o) (__epilogue_restores__)
d:/program sources/eclipse-cpp-2022-06-r-win32-x86_64/eclipse/winavr/bin/../lib/gcc/avr/4.3.3/avr5\libgcc.a(_copy_data.o)
                              d:/program sources/eclipse-cpp-2022-06-r-win32-x86_64/eclipse/winavr/bin/../lib/gcc/avr/4.3.3/avr5\libgcc.a(_thenan_sf.o) (__do_copy_data)
d:/program sources/eclipse-cpp-2022-06-r-win32-x86_64/eclipse/winavr/bin/../lib/gcc/avr/4.3.3/avr5\libgcc.a(_clzsi2.o)
                              d:/program sources/eclipse-cpp-2022-06-r-win32-x86_64/eclipse/winavr/bin/../lib/gcc/avr/4.3.3/avr5\libgcc.a(_usi_to_sf.o) (__clzsi2)
d:/program sources/eclipse-cpp-2022-06-r-win32-x86_64/eclipse/winavr/bin/../lib/gcc/avr/4.3.3/avr5\libgcc.a(_pack_sf.o)
                              d:/program sources/eclipse-cpp-2022-06-r-win32-x86_64/eclipse/winavr/bin/../lib/gcc/avr/4.3.3/avr5\libgcc.a(_addsub_sf.o) (__pack_f)
d:/program sources/eclipse-cpp-2022-06-r-win32-x86_64/eclipse/winavr/bin/../lib/gcc/avr/4.3.3/avr5\libgcc.a(_unpack_sf.o)
                              d:/program sources/eclipse-cpp-2022-06-r-win32-x86_64/eclipse/winavr/bin/../lib/gcc/avr/4.3.3/avr5\libgcc.a(_addsub_sf.o) (__unpack_f)
d:/program sources/eclipse-cpp-2022-06-r-win32-x86_64/eclipse/winavr/bin/../lib/gcc/avr/4.3.3/avr5\libgcc.a(_fpcmp_parts_sf.o)
                              d:/program sources/eclipse-cpp-2022-06-r-win32-x86_64/eclipse/winavr/bin/../lib/gcc/avr/4.3.3/avr5\libgcc.a(_gt_sf.o) (__fpcmp_parts_f)
d:/program sources/eclipse-cpp-2022-06-r-win32-x86_64/eclipse/winavr/bin/../lib/gcc/avr/4.3.3/avr5\libgcc.a(_clz.o)
                              d:/program sources/eclipse-cpp-2022-06-r-win32-x86_64/eclipse/winavr/bin/../lib/gcc/avr/4.3.3/avr5\libgcc.a(_clzsi2.o) (__clz_tab)
d:/program sources/eclipse-cpp-2022-06-r-win32-x86_64/eclipse/winavr/bin/../lib/gcc/avr/4.3.3/../../../../avr/lib/avr5\libc.a(ceil.o)
                              ./HAL/ULTRASONIC/ULTRASONIC_prog.o (ceil)
d:/program sources/eclipse-cpp-2022-06-r-win32-x86_64/eclipse/winavr/bin/../lib/gcc/avr/4.3.3/../../../../avr/lib/avr5\libc.a(fp_mintl.o)
                              d:/program sources/eclipse-cpp-2022-06-r-win32-x86_64/eclipse/winavr/bin/../lib/gcc/avr/4.3.3/../../../../avr/lib/avr5\libc.a(ceil.o) (__fp_mintl)
d:/program sources/eclipse-cpp-2022-06-r-win32-x86_64/eclipse/winavr/bin/../lib/gcc/avr/4.3.3/../../../../avr/lib/avr5\libc.a(fp_mpack.o)
                              d:/program sources/eclipse-cpp-2022-06-r-win32-x86_64/eclipse/winavr/bin/../lib/gcc/avr/4.3.3/../../../../avr/lib/avr5\libc.a(ceil.o) (__fp_mpack)
d:/program sources/eclipse-cpp-2022-06-r-win32-x86_64/eclipse/winavr/bin/../lib/gcc/avr/4.3.3/../../../../avr/lib/avr5\libc.a(fp_trunc.o)
                              d:/program sources/eclipse-cpp-2022-06-r-win32-x86_64/eclipse/winavr/bin/../lib/gcc/avr/4.3.3/../../../../avr/lib/avr5\libc.a(ceil.o) (__fp_trunc)
d:/program sources/eclipse-cpp-2022-06-r-win32-x86_64/eclipse/winavr/bin/../lib/gcc/avr/4.3.3/../../../../avr/lib/avr5\libc.a(fp_zero.o)
                              d:/program sources/eclipse-cpp-2022-06-r-win32-x86_64/eclipse/winavr/bin/../lib/gcc/avr/4.3.3/../../../../avr/lib/avr5\libc.a(ceil.o) (__fp_szero)
d:/program sources/eclipse-cpp-2022-06-r-win32-x86_64/eclipse/winavr/bin/../lib/gcc/avr/4.3.3/../../../../avr/lib/avr5\libc.a(fp_split3.o)
                              d:/program sources/eclipse-cpp-2022-06-r-win32-x86_64/eclipse/winavr/bin/../lib/gcc/avr/4.3.3/../../../../avr/lib/avr5\libc.a(fp_trunc.o) (__fp_splitA)

Allocating common symbols
Common symbol       size              file

ADC_u8DigitalValue  0x1               ./MCAL/ADC/ADC_program.o
ADC_u16DigitalResult
                    0x2               ./MCAL/ADC/ADC_program.o

Memory Configuration

Name             Origin             Length             Attributes
text             0x00000000         0x00020000         xr
data             0x00800060         0x0000ffa0         rw !x
eeprom           0x00810000         0x00010000         rw !x
fuse             0x00820000         0x00000400         rw !x
lock             0x00830000         0x00000400         rw !x
signature        0x00840000         0x00000400         rw !x
*default*        0x00000000         0xffffffff

Linker script and memory map

LOAD d:/program sources/eclipse-cpp-2022-06-r-win32-x86_64/eclipse/winavr/bin/../lib/gcc/avr/4.3.3/../../../../avr/lib/avr5/crtm32.o
LOAD ./MCAL/Timer/Timer_program.o
LOAD ./MCAL/GIE/GIE_prog.o
LOAD ./MCAL/EXTI/EXTI_prog.o
LOAD ./MCAL/DIO/DIO_prog.o
LOAD ./MCAL/ADC/ADC_program.o
LOAD ./HAL/ULTRASONIC/ULTRASONIC_prog.o
LOAD ./HAL/LED/LED_prog.o
LOAD ./HAL/LCD/LCD_prog.o
LOAD ./HAL/BUTTON/BUTTON_program.o
LOAD ./APP/main.o
LOAD ./newTest.o
LOAD ./tester.o
LOAD d:/program sources/eclipse-cpp-2022-06-r-win32-x86_64/eclipse/winavr/bin/../lib/gcc/avr/4.3.3/avr5\libgcc.a
LOAD d:/program sources/eclipse-cpp-2022-06-r-win32-x86_64/eclipse/winavr/bin/../lib/gcc/avr/4.3.3/../../../../avr/lib/avr5\libc.a
LOAD d:/program sources/eclipse-cpp-2022-06-r-win32-x86_64/eclipse/winavr/bin/../lib/gcc/avr/4.3.3/avr5\libgcc.a

.hash
 *(.hash)

.dynsym
 *(.dynsym)

.dynstr
 *(.dynstr)

.gnu.version
 *(.gnu.version)

.gnu.version_d
 *(.gnu.version_d)

.gnu.version_r
 *(.gnu.version_r)

.rel.init
 *(.rel.init)

.rela.init
 *(.rela.init)

.rel.text
 *(.rel.text)
 *(.rel.text.*)
 *(.rel.gnu.linkonce.t*)

.rela.text
 *(.rela.text)
 *(.rela.text.*)
 *(.rela.gnu.linkonce.t*)

.rel.fini
 *(.rel.fini)

.rela.fini
 *(.rela.fini)

.rel.rodata
 *(.rel.rodata)
 *(.rel.rodata.*)
 *(.rel.gnu.linkonce.r*)

.rela.rodata
 *(.rela.rodata)
 *(.rela.rodata.*)
 *(.rela.gnu.linkonce.r*)

.rel.data
 *(.rel.data)
 *(.rel.data.*)
 *(.rel.gnu.linkonce.d*)

.rela.data
 *(.rela.data)
 *(.rela.data.*)
 *(.rela.gnu.linkonce.d*)

.rel.ctors
 *(.rel.ctors)

.rela.ctors
 *(.rela.ctors)

.rel.dtors
 *(.rel.dtors)

.rela.dtors
 *(.rela.dtors)

.rel.got
 *(.rel.got)

.rela.got
 *(.rela.got)

.rel.bss
 *(.rel.bss)

.rela.bss
 *(.rela.bss)

.rel.plt
 *(.rel.plt)

.rela.plt
 *(.rela.plt)

.text           0x00000000     0x2f0c
 *(.vectors)
 .vectors       0x00000000       0x54 d:/program sources/eclipse-cpp-2022-06-r-win32-x86_64/eclipse/winavr/bin/../lib/gcc/avr/4.3.3/../../../../avr/lib/avr5/crtm32.o
                0x00000000                __vectors
                0x00000000                __vector_default
 *(.vectors)
 *(.progmem.gcc*)
 *(.progmem*)
                0x00000054                . = ALIGN (0x2)
                0x00000054                __trampolines_start = .
 *(.trampolines)
 .trampolines   0x00000054        0x0 linker stubs
 *(.trampolines*)
                0x00000054                __trampolines_end = .
 *(.jumptables)
 *(.jumptables*)
 *(.lowtext)
 *(.lowtext*)
                0x00000054                __ctors_start = .
 *(.ctors)
                0x00000054                __ctors_end = .
                0x00000054                __dtors_start = .
 *(.dtors)
                0x00000054                __dtors_end = .
 SORT(*)(.ctors)
 SORT(*)(.dtors)
 *(.init0)
 .init0         0x00000054        0x0 d:/program sources/eclipse-cpp-2022-06-r-win32-x86_64/eclipse/winavr/bin/../lib/gcc/avr/4.3.3/../../../../avr/lib/avr5/crtm32.o
                0x00000054                __init
 *(.init0)
 *(.init1)
 *(.init1)
 *(.init2)
 .init2         0x00000054        0xc d:/program sources/eclipse-cpp-2022-06-r-win32-x86_64/eclipse/winavr/bin/../lib/gcc/avr/4.3.3/../../../../avr/lib/avr5/crtm32.o
 *(.init2)
 *(.init3)
 *(.init3)
 *(.init4)
 .init4         0x00000060       0x10 d:/program sources/eclipse-cpp-2022-06-r-win32-x86_64/eclipse/winavr/bin/../lib/gcc/avr/4.3.3/avr5\libgcc.a(_clear_bss.o)
                0x00000060                __do_clear_bss
 .init4         0x00000070       0x16 d:/program sources/eclipse-cpp-2022-06-r-win32-x86_64/eclipse/winavr/bin/../lib/gcc/avr/4.3.3/avr5\libgcc.a(_copy_data.o)
                0x00000070                __do_copy_data
 *(.init4)
 *(.init5)
 *(.init5)
 *(.init6)
 *(.init6)
 *(.init7)
 *(.init7)
 *(.init8)
 *(.init8)
 *(.init9)
 .init9         0x00000086        0x8 d:/program sources/eclipse-cpp-2022-06-r-win32-x86_64/eclipse/winavr/bin/../lib/gcc/avr/4.3.3/../../../../avr/lib/avr5/crtm32.o
 *(.init9)
 *(.text)
 .text          0x0000008e        0x4 d:/program sources/eclipse-cpp-2022-06-r-win32-x86_64/eclipse/winavr/bin/../lib/gcc/avr/4.3.3/../../../../avr/lib/avr5/crtm32.o
                0x0000008e                __vector_12
                0x0000008e                __bad_interrupt
                0x0000008e                __vector_13
                0x0000008e                __vector_17
                0x0000008e                __vector_19
                0x0000008e                __vector_7
                0x0000008e                __vector_5
                0x0000008e                __vector_4
                0x0000008e                __vector_9
                0x0000008e                __vector_15
                0x0000008e                __vector_8
                0x0000008e                __vector_14
                0x0000008e                __vector_18
                0x0000008e                __vector_20
 .text          0x00000092        0x0 ./MCAL/Timer/Timer_program.o
 .text          0x00000092        0x0 ./MCAL/GIE/GIE_prog.o
 .text          0x00000092        0x0 ./MCAL/EXTI/EXTI_prog.o
 .text          0x00000092        0x0 ./MCAL/DIO/DIO_prog.o
 .text          0x00000092        0x0 ./MCAL/ADC/ADC_program.o
 .text          0x00000092        0x0 ./HAL/ULTRASONIC/ULTRASONIC_prog.o
 .text          0x00000092        0x0 ./HAL/LED/LED_prog.o
 .text          0x00000092        0x0 ./HAL/LCD/LCD_prog.o
 .text          0x00000092        0x0 ./HAL/BUTTON/BUTTON_program.o
 .text          0x00000092        0x0 ./APP/main.o
 .text          0x00000092        0x0 ./newTest.o
 .text          0x00000092        0x0 ./tester.o
 .text          0x00000092        0x0 d:/program sources/eclipse-cpp-2022-06-r-win32-x86_64/eclipse/winavr/bin/../lib/gcc/avr/4.3.3/avr5\libgcc.a(_mulsi3.o)
 .text          0x00000092        0x0 d:/program sources/eclipse-cpp-2022-06-r-win32-x86_64/eclipse/winavr/bin/../lib/gcc/avr/4.3.3/avr5\libgcc.a(_udivmodsi4.o)
 .text          0x00000092        0x0 d:/program sources/eclipse-cpp-2022-06-r-win32-x86_64/eclipse/winavr/bin/../lib/gcc/avr/4.3.3/avr5\libgcc.a(_exit.o)
 .text          0x00000092        0x0 d:/program sources/eclipse-cpp-2022-06-r-win32-x86_64/eclipse/winavr/bin/../lib/gcc/avr/4.3.3/avr5\libgcc.a(_clear_bss.o)
 .text          0x00000092       0x58 d:/program sources/eclipse-cpp-2022-06-r-win32-x86_64/eclipse/winavr/bin/../lib/gcc/avr/4.3.3/avr5\libgcc.a(_fixunssfsi.o)
                0x00000092                __fixunssfsi
 .text          0x000000ea      0x354 d:/program sources/eclipse-cpp-2022-06-r-win32-x86_64/eclipse/winavr/bin/../lib/gcc/avr/4.3.3/avr5\libgcc.a(_addsub_sf.o)
                0x00000382                __subsf3
                0x000003e4                __addsf3
 .text          0x0000043e      0x1f4 d:/program sources/eclipse-cpp-2022-06-r-win32-x86_64/eclipse/winavr/bin/../lib/gcc/avr/4.3.3/avr5\libgcc.a(_mul_sf.o)
                0x0000043e                __mulsf3
 .text          0x00000632      0x158 d:/program sources/eclipse-cpp-2022-06-r-win32-x86_64/eclipse/winavr/bin/../lib/gcc/avr/4.3.3/avr5\libgcc.a(_div_sf.o)
                0x00000632                __divsf3
 .text          0x0000078a       0x60 d:/program sources/eclipse-cpp-2022-06-r-win32-x86_64/eclipse/winavr/bin/../lib/gcc/avr/4.3.3/avr5\libgcc.a(_gt_sf.o)
                0x0000078a                __gtsf2
 .text          0x000007ea       0x60 d:/program sources/eclipse-cpp-2022-06-r-win32-x86_64/eclipse/winavr/bin/../lib/gcc/avr/4.3.3/avr5\libgcc.a(_ge_sf.o)
                0x000007ea                __gesf2
 .text          0x0000084a       0x60 d:/program sources/eclipse-cpp-2022-06-r-win32-x86_64/eclipse/winavr/bin/../lib/gcc/avr/4.3.3/avr5\libgcc.a(_lt_sf.o)
                0x0000084a                __ltsf2
 .text          0x000008aa       0xa8 d:/program sources/eclipse-cpp-2022-06-r-win32-x86_64/eclipse/winavr/bin/../lib/gcc/avr/4.3.3/avr5\libgcc.a(_sf_to_si.o)
                0x000008aa                __fixsfsi
 .text          0x00000952        0x0 d:/program sources/eclipse-cpp-2022-06-r-win32-x86_64/eclipse/winavr/bin/../lib/gcc/avr/4.3.3/avr5\libgcc.a(_thenan_sf.o)
 .text          0x00000952       0xf2 d:/program sources/eclipse-cpp-2022-06-r-win32-x86_64/eclipse/winavr/bin/../lib/gcc/avr/4.3.3/avr5\libgcc.a(_usi_to_sf.o)
                0x00000952                __floatunsisf
 .text          0x00000a44        0x0 d:/program sources/eclipse-cpp-2022-06-r-win32-x86_64/eclipse/winavr/bin/../lib/gcc/avr/4.3.3/avr5\libgcc.a(_prologue.o)
 .text          0x00000a44        0x0 d:/program sources/eclipse-cpp-2022-06-r-win32-x86_64/eclipse/winavr/bin/../lib/gcc/avr/4.3.3/avr5\libgcc.a(_epilogue.o)
 .text          0x00000a44        0x0 d:/program sources/eclipse-cpp-2022-06-r-win32-x86_64/eclipse/winavr/bin/../lib/gcc/avr/4.3.3/avr5\libgcc.a(_copy_data.o)
 .text          0x00000a44       0x9e d:/program sources/eclipse-cpp-2022-06-r-win32-x86_64/eclipse/winavr/bin/../lib/gcc/avr/4.3.3/avr5\libgcc.a(_clzsi2.o)
                0x00000a44                __clzsi2
 .text          0x00000ae2      0x1aa d:/program sources/eclipse-cpp-2022-06-r-win32-x86_64/eclipse/winavr/bin/../lib/gcc/avr/4.3.3/avr5\libgcc.a(_pack_sf.o)
                0x00000ae2                __pack_f
 .text          0x00000c8c       0xf0 d:/program sources/eclipse-cpp-2022-06-r-win32-x86_64/eclipse/winavr/bin/../lib/gcc/avr/4.3.3/avr5\libgcc.a(_unpack_sf.o)
                0x00000c8c                __unpack_f
 .text          0x00000d7c       0xb2 d:/program sources/eclipse-cpp-2022-06-r-win32-x86_64/eclipse/winavr/bin/../lib/gcc/avr/4.3.3/avr5\libgcc.a(_fpcmp_parts_sf.o)
                0x00000d7c                __fpcmp_parts_f
 .text          0x00000e2e        0x0 d:/program sources/eclipse-cpp-2022-06-r-win32-x86_64/eclipse/winavr/bin/../lib/gcc/avr/4.3.3/avr5\libgcc.a(_clz.o)
 .text          0x00000e2e        0x0 d:/program sources/eclipse-cpp-2022-06-r-win32-x86_64/eclipse/winavr/bin/../lib/gcc/avr/4.3.3/../../../../avr/lib/avr5\libc.a(ceil.o)
 .text          0x00000e2e        0x0 d:/program sources/eclipse-cpp-2022-06-r-win32-x86_64/eclipse/winavr/bin/../lib/gcc/avr/4.3.3/../../../../avr/lib/avr5\libc.a(fp_mintl.o)
 .text          0x00000e2e        0x0 d:/program sources/eclipse-cpp-2022-06-r-win32-x86_64/eclipse/winavr/bin/../lib/gcc/avr/4.3.3/../../../../avr/lib/avr5\libc.a(fp_mpack.o)
 .text          0x00000e2e        0x0 d:/program sources/eclipse-cpp-2022-06-r-win32-x86_64/eclipse/winavr/bin/../lib/gcc/avr/4.3.3/../../../../avr/lib/avr5\libc.a(fp_trunc.o)
 .text          0x00000e2e        0x0 d:/program sources/eclipse-cpp-2022-06-r-win32-x86_64/eclipse/winavr/bin/../lib/gcc/avr/4.3.3/../../../../avr/lib/avr5\libc.a(fp_zero.o)
 .text          0x00000e2e        0x0 d:/program sources/eclipse-cpp-2022-06-r-win32-x86_64/eclipse/winavr/bin/../lib/gcc/avr/4.3.3/../../../../avr/lib/avr5\libc.a(fp_split3.o)
                0x00000e2e                . = ALIGN (0x2)
 *(.text.*)
 .text.TIMER0_voidInit
                0x00000e2e       0x62 ./MCAL/Timer/Timer_program.o
                0x00000e2e                TIMER0_voidInit
 .text.TIMER1_voidInit
                0x00000e90       0x7e ./MCAL/Timer/Timer_program.o
                0x00000e90                TIMER1_voidInit
 .text.TIMER0_voidSetBusyWaitMS_OVFMode
                0x00000f0e       0xc0 ./MCAL/Timer/Timer_program.o
                0x00000f0e                TIMER0_voidSetBusyWaitMS_OVFMode
 .text.TIMER0_voidSetBusyWaitMS_CTCMode
                0x00000fce       0xea ./MCAL/Timer/Timer_program.o
                0x00000fce                TIMER0_voidSetBusyWaitMS_CTCMode
 .text.TIMER0_voidSetPreloadValue
                0x000010b8       0x1c ./MCAL/Timer/Timer_program.o
                0x000010b8                TIMER0_voidSetPreloadValue
 .text.TIMER0_voidSetCTCCompareMatchValue
                0x000010d4       0x1c ./MCAL/Timer/Timer_program.o
                0x000010d4                TIMER0_voidSetCTCCompareMatchValue
 .text.TIMER0_voidSetOVFCallback
                0x000010f0       0x24 ./MCAL/Timer/Timer_program.o
                0x000010f0                TIMER0_voidSetOVFCallback
 .text.TIMER0_voidSetCTCCallback
                0x00001114       0x24 ./MCAL/Timer/Timer_program.o
                0x00001114                TIMER0_voidSetCTCCallback
 .text.TIMER0_voidEnableInterrupt
                0x00001138       0x3e ./MCAL/Timer/Timer_program.o
                0x00001138                TIMER0_voidEnableInterrupt
 .text.TIMER0_voidDisableInterrupt
                0x00001176       0x3e ./MCAL/Timer/Timer_program.o
                0x00001176                TIMER0_voidDisableInterrupt
 .text.TIMER0_u8GetCounterValue
                0x000011b4       0x14 ./MCAL/Timer/Timer_program.o
                0x000011b4                TIMER0_u8GetCounterValue
 .text.TIMER1_u8GetCounterValue
                0x000011c8       0x16 ./MCAL/Timer/Timer_program.o
                0x000011c8                TIMER1_u8GetCounterValue
 .text.TIMER1_coidSetICR1Value
                0x000011de       0x24 ./MCAL/Timer/Timer_program.o
                0x000011de                TIMER1_coidSetICR1Value
 .text.TIMER1_coidSetOCR1AValue
                0x00001202       0x24 ./MCAL/Timer/Timer_program.o
                0x00001202                TIMER1_coidSetOCR1AValue
 .text.TIMER1_voidClearTCNT1
                0x00001226       0x16 ./MCAL/Timer/Timer_program.o
                0x00001226                TIMER1_voidClearTCNT1
 .text.ICU_voidInterruptControl
                0x0000123c       0x54 ./MCAL/Timer/Timer_program.o
                0x0000123c                ICU_voidInterruptControl
 .text.ICU_u16GetICRRegister
                0x00001290       0x16 ./MCAL/Timer/Timer_program.o
                0x00001290                ICU_u16GetICRRegister
 .text.ICU_vodSetCallBack
                0x000012a6       0x24 ./MCAL/Timer/Timer_program.o
                0x000012a6                ICU_vodSetCallBack
 .text.ICU_voidSetTriggerSignal
                0x000012ca       0x54 ./MCAL/Timer/Timer_program.o
                0x000012ca                ICU_voidSetTriggerSignal
 .text.__vector_10
                0x0000131e       0x66 ./MCAL/Timer/Timer_program.o
                0x0000131e                __vector_10
 .text.__vector_11
                0x00001384       0x66 ./MCAL/Timer/Timer_program.o
                0x00001384                __vector_11
 .text.__vector_6
                0x000013ea       0x66 ./MCAL/Timer/Timer_program.o
                0x000013ea                __vector_6
 .text.M_GIE_void_enable
                0x00001450       0x1c ./MCAL/GIE/GIE_prog.o
                0x00001450                M_GIE_void_enable
 .text.M_GIE_void_disable
                0x0000146c       0x1c ./MCAL/GIE/GIE_prog.o
                0x0000146c                M_GIE_void_disable
 .text.M_EXTI_void_Enable
                0x00001488      0x10a ./MCAL/EXTI/EXTI_prog.o
                0x00001488                M_EXTI_void_Enable
 .text.M_EXTI_void_Disable
                0x00001592       0x48 ./MCAL/EXTI/EXTI_prog.o
                0x00001592                M_EXTI_void_Disable
 .text.M_EXTI_void_setCallBack
                0x000015da       0x76 ./MCAL/EXTI/EXTI_prog.o
                0x000015da                M_EXTI_void_setCallBack
 .text.__vector_1
                0x00001650       0x66 ./MCAL/EXTI/EXTI_prog.o
                0x00001650                __vector_1
 .text.__vector_2
                0x000016b6       0x66 ./MCAL/EXTI/EXTI_prog.o
                0x000016b6                __vector_2
 .text.__vector_3
                0x0000171c       0x66 ./MCAL/EXTI/EXTI_prog.o
                0x0000171c                __vector_3
 .text.MDIO_voidSetPinDirection
                0x00001782      0x1e6 ./MCAL/DIO/DIO_prog.o
                0x00001782                MDIO_voidSetPinDirection
 .text.MDIO_voidSetPinValue
                0x00001968      0x230 ./MCAL/DIO/DIO_prog.o
                0x00001968                MDIO_voidSetPinValue
 .text.MDIO_voidReadPinValue
                0x00001b98       0xf2 ./MCAL/DIO/DIO_prog.o
                0x00001b98                MDIO_voidReadPinValue
 .text.MDIO_voidTogglePin
                0x00001c8a       0xfc ./MCAL/DIO/DIO_prog.o
                0x00001c8a                MDIO_voidTogglePin
 .text.MDIO_voidSetPortDirection
                0x00001d86      0x124 ./MCAL/DIO/DIO_prog.o
                0x00001d86                MDIO_voidSetPortDirection
 .text.MDIO_voidSetPortSpecificDirection
                0x00001eaa       0x84 ./MCAL/DIO/DIO_prog.o
                0x00001eaa                MDIO_voidSetPortSpecificDirection
 .text.MDIO_voidSetPortValue
                0x00001f2e       0x84 ./MCAL/DIO/DIO_prog.o
                0x00001f2e                MDIO_voidSetPortValue
 .text.MDIO_voidGetPortValue
                0x00001fb2       0x84 ./MCAL/DIO/DIO_prog.o
                0x00001fb2                MDIO_voidGetPortValue
 .text.ADC_voidInit
                0x00002036       0x6e ./MCAL/ADC/ADC_program.o
                0x00002036                ADC_voidInit
 .text.ADC_voidInterruptControl
                0x000020a4       0x56 ./MCAL/ADC/ADC_program.o
                0x000020a4                ADC_voidInterruptControl
 .text.ADC_u8StartConversionSynchronous
                0x000020fa       0x70 ./MCAL/ADC/ADC_program.o
                0x000020fa                ADC_u8StartConversionSynchronous
 .text.ADC_u8StartConversionAsynchronous
                0x0000216a       0x56 ./MCAL/ADC/ADC_program.o
                0x0000216a                ADC_u8StartConversionAsynchronous
 .text.__vector_16
                0x000021c0       0x7c ./MCAL/ADC/ADC_program.o
                0x000021c0                __vector_16
 .text.HULTRASONIC_voidInit
                0x0000223c       0x38 ./HAL/ULTRASONIC/ULTRASONIC_prog.o
                0x0000223c                HULTRASONIC_voidInit
 .text.HULTRASONIC_voidReadDistance
                0x00002274      0x248 ./HAL/ULTRASONIC/ULTRASONIC_prog.o
                0x00002274                HULTRASONIC_voidReadDistance
 .text.ICU_HW   0x000024bc       0x64 ./HAL/ULTRASONIC/ULTRASONIC_prog.o
                0x000024bc                ICU_HW
 .text.HLED_voidLedInit
                0x00002520       0x2c ./HAL/LED/LED_prog.o
                0x00002520                HLED_voidLedInit
 .text.HLED_voidTurnOnLed
                0x0000254c       0x2c ./HAL/LED/LED_prog.o
                0x0000254c                HLED_voidTurnOnLed
 .text.HLED_voidTurnOffLed
                0x00002578       0x2c ./HAL/LED/LED_prog.o
                0x00002578                HLED_voidTurnOffLed
 .text.HLED_voidToggleLed
                0x000025a4       0x2a ./HAL/LED/LED_prog.o
                0x000025a4                HLED_voidToggleLed
 .text.HLCD_voidInit
                0x000025ce      0x142 ./HAL/LCD/LCD_prog.o
                0x000025ce                HLCD_voidInit
 .text.HLCD_voidSendCommand
                0x00002710      0x146 ./HAL/LCD/LCD_prog.o
 .text.HLCD_voidSendData
                0x00002856      0x146 ./HAL/LCD/LCD_prog.o
                0x00002856                HLCD_voidSendData
 .text.HLCD_voidClearDisplay
                0x0000299c       0x14 ./HAL/LCD/LCD_prog.o
                0x0000299c                HLCD_voidClearDisplay
 .text.HLCD_voidGoToXY
                0x000029b0       0x42 ./HAL/LCD/LCD_prog.o
                0x000029b0                HLCD_voidGoToXY
 .text.HLCD_voidSendString
                0x000029f2       0x54 ./HAL/LCD/LCD_prog.o
                0x000029f2                HLCD_voidSendString
 .text.HLCD_voidSendNumber
                0x00002a46       0xdc ./HAL/LCD/LCD_prog.o
                0x00002a46                HLCD_voidSendNumber
 .text.HLCD_voidSendCustomCharacter
                0x00002b22       0x86 ./HAL/LCD/LCD_prog.o
                0x00002b22                HLCD_voidSendCustomCharacter
 .text.BUTTON_voidInit
                0x00002ba8       0x2c ./HAL/BUTTON/BUTTON_program.o
                0x00002ba8                BUTTON_voidInit
 .text.BUTTON_u8Read
                0x00002bd4       0x2a ./HAL/BUTTON/BUTTON_program.o
                0x00002bd4                BUTTON_u8Read
 .text.main     0x00002bfe      0x122 ./APP/main.o
                0x00002bfe                main
 .text.libgcc   0x00002d20       0x3e d:/program sources/eclipse-cpp-2022-06-r-win32-x86_64/eclipse/winavr/bin/../lib/gcc/avr/4.3.3/avr5\libgcc.a(_mulsi3.o)
                0x00002d20                __mulsi3
 .text.libgcc   0x00002d5e       0x44 d:/program sources/eclipse-cpp-2022-06-r-win32-x86_64/eclipse/winavr/bin/../lib/gcc/avr/4.3.3/avr5\libgcc.a(_udivmodsi4.o)
                0x00002d5e                __udivmodsi4
 .text.libgcc   0x00002da2        0x0 d:/program sources/eclipse-cpp-2022-06-r-win32-x86_64/eclipse/winavr/bin/../lib/gcc/avr/4.3.3/avr5\libgcc.a(_exit.o)
 .text.libgcc   0x00002da2        0x0 d:/program sources/eclipse-cpp-2022-06-r-win32-x86_64/eclipse/winavr/bin/../lib/gcc/avr/4.3.3/avr5\libgcc.a(_clear_bss.o)
 .text.libgcc   0x00002da2       0x38 d:/program sources/eclipse-cpp-2022-06-r-win32-x86_64/eclipse/winavr/bin/../lib/gcc/avr/4.3.3/avr5\libgcc.a(_prologue.o)
                0x00002da2                __prologue_saves__
 .text.libgcc   0x00002dda       0x36 d:/program sources/eclipse-cpp-2022-06-r-win32-x86_64/eclipse/winavr/bin/../lib/gcc/avr/4.3.3/avr5\libgcc.a(_epilogue.o)
                0x00002dda                __epilogue_restores__
 .text.libgcc   0x00002e10        0x0 d:/program sources/eclipse-cpp-2022-06-r-win32-x86_64/eclipse/winavr/bin/../lib/gcc/avr/4.3.3/avr5\libgcc.a(_copy_data.o)
 .text.avr-libc.fplib
                0x00002e10       0x26 d:/program sources/eclipse-cpp-2022-06-r-win32-x86_64/eclipse/winavr/bin/../lib/gcc/avr/4.3.3/../../../../avr/lib/avr5\libc.a(ceil.o)
                0x00002e10                ceil
 .text.avr-libc.fplib
                0x00002e36       0x36 d:/program sources/eclipse-cpp-2022-06-r-win32-x86_64/eclipse/winavr/bin/../lib/gcc/avr/4.3.3/../../../../avr/lib/avr5\libc.a(fp_mintl.o)
                0x00002e36                __fp_mintl
 .text.avr-libc.fplib
                0x00002e6c       0x1c d:/program sources/eclipse-cpp-2022-06-r-win32-x86_64/eclipse/winavr/bin/../lib/gcc/avr/4.3.3/../../../../avr/lib/avr5\libc.a(fp_mpack.o)
                0x00002e70                __fp_mpack_finite
                0x00002e6c                __fp_mpack
 .text.avr-libc.fplib
                0x00002e88       0x2e d:/program sources/eclipse-cpp-2022-06-r-win32-x86_64/eclipse/winavr/bin/../lib/gcc/avr/4.3.3/../../../../avr/lib/avr5\libc.a(fp_trunc.o)
                0x00002e88                __fp_trunc
 .text.avr-libc.fplib
                0x00002eb6        0xe d:/program sources/eclipse-cpp-2022-06-r-win32-x86_64/eclipse/winavr/bin/../lib/gcc/avr/4.3.3/../../../../avr/lib/avr5\libc.a(fp_zero.o)
                0x00002eb6                __fp_zero
                0x00002eb8                __fp_szero
 .text.avr-libc.fplib
                0x00002ec4       0x44 d:/program sources/eclipse-cpp-2022-06-r-win32-x86_64/eclipse/winavr/bin/../lib/gcc/avr/4.3.3/../../../../avr/lib/avr5\libc.a(fp_split3.o)
                0x00002ec4                __fp_split3
                0x00002ed4                __fp_splitA
                0x00002f08                . = ALIGN (0x2)
 *(.fini9)
 .fini9         0x00002f08        0x0 d:/program sources/eclipse-cpp-2022-06-r-win32-x86_64/eclipse/winavr/bin/../lib/gcc/avr/4.3.3/avr5\libgcc.a(_exit.o)
                0x00002f08                exit
                0x00002f08                _exit
 *(.fini9)
 *(.fini8)
 *(.fini8)
 *(.fini7)
 *(.fini7)
 *(.fini6)
 *(.fini6)
 *(.fini5)
 *(.fini5)
 *(.fini4)
 *(.fini4)
 *(.fini3)
 *(.fini3)
 *(.fini2)
 *(.fini2)
 *(.fini1)
 *(.fini1)
 *(.fini0)
 .fini0         0x00002f08        0x4 d:/program sources/eclipse-cpp-2022-06-r-win32-x86_64/eclipse/winavr/bin/../lib/gcc/avr/4.3.3/avr5\libgcc.a(_exit.o)
 *(.fini0)
                0x00002f0c                _etext = .

.data           0x00800060      0x108 load address 0x00002f0c
                0x00800060                PROVIDE (__data_start, .)
 *(.data)
 .data          0x00800060        0x0 d:/program sources/eclipse-cpp-2022-06-r-win32-x86_64/eclipse/winavr/bin/../lib/gcc/avr/4.3.3/../../../../avr/lib/avr5/crtm32.o
 .data          0x00800060        0x0 ./MCAL/Timer/Timer_program.o
 .data          0x00800060        0x0 ./MCAL/GIE/GIE_prog.o
 .data          0x00800060        0x0 ./MCAL/EXTI/EXTI_prog.o
 .data          0x00800060        0x0 ./MCAL/DIO/DIO_prog.o
 .data          0x00800060        0x0 ./MCAL/ADC/ADC_program.o
 .data          0x00800060        0x0 ./HAL/ULTRASONIC/ULTRASONIC_prog.o
 .data          0x00800060        0x0 ./HAL/LED/LED_prog.o
 .data          0x00800060        0x0 ./HAL/LCD/LCD_prog.o
 .data          0x00800060        0x0 ./HAL/BUTTON/BUTTON_program.o
 .data          0x00800060        0x0 ./APP/main.o
 .data          0x00800060        0x0 ./newTest.o
 .data          0x00800060        0x0 ./tester.o
 .data          0x00800060        0x0 d:/program sources/eclipse-cpp-2022-06-r-win32-x86_64/eclipse/winavr/bin/../lib/gcc/avr/4.3.3/avr5\libgcc.a(_mulsi3.o)
 .data          0x00800060        0x0 d:/program sources/eclipse-cpp-2022-06-r-win32-x86_64/eclipse/winavr/bin/../lib/gcc/avr/4.3.3/avr5\libgcc.a(_udivmodsi4.o)
 .data          0x00800060        0x0 d:/program sources/eclipse-cpp-2022-06-r-win32-x86_64/eclipse/winavr/bin/../lib/gcc/avr/4.3.3/avr5\libgcc.a(_exit.o)
 .data          0x00800060        0x0 d:/program sources/eclipse-cpp-2022-06-r-win32-x86_64/eclipse/winavr/bin/../lib/gcc/avr/4.3.3/avr5\libgcc.a(_clear_bss.o)
 .data          0x00800060        0x0 d:/program sources/eclipse-cpp-2022-06-r-win32-x86_64/eclipse/winavr/bin/../lib/gcc/avr/4.3.3/avr5\libgcc.a(_fixunssfsi.o)
 .data          0x00800060        0x0 d:/program sources/eclipse-cpp-2022-06-r-win32-x86_64/eclipse/winavr/bin/../lib/gcc/avr/4.3.3/avr5\libgcc.a(_addsub_sf.o)
 .data          0x00800060        0x0 d:/program sources/eclipse-cpp-2022-06-r-win32-x86_64/eclipse/winavr/bin/../lib/gcc/avr/4.3.3/avr5\libgcc.a(_mul_sf.o)
 .data          0x00800060        0x0 d:/program sources/eclipse-cpp-2022-06-r-win32-x86_64/eclipse/winavr/bin/../lib/gcc/avr/4.3.3/avr5\libgcc.a(_div_sf.o)
 .data          0x00800060        0x0 d:/program sources/eclipse-cpp-2022-06-r-win32-x86_64/eclipse/winavr/bin/../lib/gcc/avr/4.3.3/avr5\libgcc.a(_gt_sf.o)
 .data          0x00800060        0x0 d:/program sources/eclipse-cpp-2022-06-r-win32-x86_64/eclipse/winavr/bin/../lib/gcc/avr/4.3.3/avr5\libgcc.a(_ge_sf.o)
 .data          0x00800060        0x0 d:/program sources/eclipse-cpp-2022-06-r-win32-x86_64/eclipse/winavr/bin/../lib/gcc/avr/4.3.3/avr5\libgcc.a(_lt_sf.o)
 .data          0x00800060        0x0 d:/program sources/eclipse-cpp-2022-06-r-win32-x86_64/eclipse/winavr/bin/../lib/gcc/avr/4.3.3/avr5\libgcc.a(_sf_to_si.o)
 .data          0x00800060        0x8 d:/program sources/eclipse-cpp-2022-06-r-win32-x86_64/eclipse/winavr/bin/../lib/gcc/avr/4.3.3/avr5\libgcc.a(_thenan_sf.o)
                0x00800060                __thenan_sf
 .data          0x00800068        0x0 d:/program sources/eclipse-cpp-2022-06-r-win32-x86_64/eclipse/winavr/bin/../lib/gcc/avr/4.3.3/avr5\libgcc.a(_usi_to_sf.o)
 .data          0x00800068        0x0 d:/program sources/eclipse-cpp-2022-06-r-win32-x86_64/eclipse/winavr/bin/../lib/gcc/avr/4.3.3/avr5\libgcc.a(_prologue.o)
 .data          0x00800068        0x0 d:/program sources/eclipse-cpp-2022-06-r-win32-x86_64/eclipse/winavr/bin/../lib/gcc/avr/4.3.3/avr5\libgcc.a(_epilogue.o)
 .data          0x00800068        0x0 d:/program sources/eclipse-cpp-2022-06-r-win32-x86_64/eclipse/winavr/bin/../lib/gcc/avr/4.3.3/avr5\libgcc.a(_copy_data.o)
 .data          0x00800068        0x0 d:/program sources/eclipse-cpp-2022-06-r-win32-x86_64/eclipse/winavr/bin/../lib/gcc/avr/4.3.3/avr5\libgcc.a(_clzsi2.o)
 .data          0x00800068        0x0 d:/program sources/eclipse-cpp-2022-06-r-win32-x86_64/eclipse/winavr/bin/../lib/gcc/avr/4.3.3/avr5\libgcc.a(_pack_sf.o)
 .data          0x00800068        0x0 d:/program sources/eclipse-cpp-2022-06-r-win32-x86_64/eclipse/winavr/bin/../lib/gcc/avr/4.3.3/avr5\libgcc.a(_unpack_sf.o)
 .data          0x00800068        0x0 d:/program sources/eclipse-cpp-2022-06-r-win32-x86_64/eclipse/winavr/bin/../lib/gcc/avr/4.3.3/avr5\libgcc.a(_fpcmp_parts_sf.o)
 .data          0x00800068      0x100 d:/program sources/eclipse-cpp-2022-06-r-win32-x86_64/eclipse/winavr/bin/../lib/gcc/avr/4.3.3/avr5\libgcc.a(_clz.o)
                0x00800068                __clz_tab
 .data          0x00800168        0x0 d:/program sources/eclipse-cpp-2022-06-r-win32-x86_64/eclipse/winavr/bin/../lib/gcc/avr/4.3.3/../../../../avr/lib/avr5\libc.a(ceil.o)
 .data          0x00800168        0x0 d:/program sources/eclipse-cpp-2022-06-r-win32-x86_64/eclipse/winavr/bin/../lib/gcc/avr/4.3.3/../../../../avr/lib/avr5\libc.a(fp_mintl.o)
 .data          0x00800168        0x0 d:/program sources/eclipse-cpp-2022-06-r-win32-x86_64/eclipse/winavr/bin/../lib/gcc/avr/4.3.3/../../../../avr/lib/avr5\libc.a(fp_mpack.o)
 .data          0x00800168        0x0 d:/program sources/eclipse-cpp-2022-06-r-win32-x86_64/eclipse/winavr/bin/../lib/gcc/avr/4.3.3/../../../../avr/lib/avr5\libc.a(fp_trunc.o)
 .data          0x00800168        0x0 d:/program sources/eclipse-cpp-2022-06-r-win32-x86_64/eclipse/winavr/bin/../lib/gcc/avr/4.3.3/../../../../avr/lib/avr5\libc.a(fp_zero.o)
 .data          0x00800168        0x0 d:/program sources/eclipse-cpp-2022-06-r-win32-x86_64/eclipse/winavr/bin/../lib/gcc/avr/4.3.3/../../../../avr/lib/avr5\libc.a(fp_split3.o)
 *(.data*)
 *(.rodata)
 *(.rodata*)
 *(.gnu.linkonce.d*)
                0x00800168                . = ALIGN (0x2)
                0x00800168                _edata = .
                0x00800168                PROVIDE (__data_end, .)

.bss            0x00800168       0x16
                0x00800168                PROVIDE (__bss_start, .)
 *(.bss)
 .bss           0x00800168        0x0 d:/program sources/eclipse-cpp-2022-06-r-win32-x86_64/eclipse/winavr/bin/../lib/gcc/avr/4.3.3/../../../../avr/lib/avr5/crtm32.o
 .bss           0x00800168        0x0 ./MCAL/Timer/Timer_program.o
 .bss           0x00800168        0x0 ./MCAL/GIE/GIE_prog.o
 .bss           0x00800168        0x0 ./MCAL/EXTI/EXTI_prog.o
 .bss           0x00800168        0x0 ./MCAL/DIO/DIO_prog.o
 .bss           0x00800168        0x0 ./MCAL/ADC/ADC_program.o
 .bss           0x00800168        0x0 ./HAL/ULTRASONIC/ULTRASONIC_prog.o
 .bss           0x00800168        0x0 ./HAL/LED/LED_prog.o
 .bss           0x00800168        0x0 ./HAL/LCD/LCD_prog.o
 .bss           0x00800168        0x0 ./HAL/BUTTON/BUTTON_program.o
 .bss           0x00800168        0x0 ./APP/main.o
 .bss           0x00800168        0x0 ./newTest.o
 .bss           0x00800168        0x0 ./tester.o
 .bss           0x00800168        0x0 d:/program sources/eclipse-cpp-2022-06-r-win32-x86_64/eclipse/winavr/bin/../lib/gcc/avr/4.3.3/avr5\libgcc.a(_mulsi3.o)
 .bss           0x00800168        0x0 d:/program sources/eclipse-cpp-2022-06-r-win32-x86_64/eclipse/winavr/bin/../lib/gcc/avr/4.3.3/avr5\libgcc.a(_udivmodsi4.o)
 .bss           0x00800168        0x0 d:/program sources/eclipse-cpp-2022-06-r-win32-x86_64/eclipse/winavr/bin/../lib/gcc/avr/4.3.3/avr5\libgcc.a(_exit.o)
 .bss           0x00800168        0x0 d:/program sources/eclipse-cpp-2022-06-r-win32-x86_64/eclipse/winavr/bin/../lib/gcc/avr/4.3.3/avr5\libgcc.a(_clear_bss.o)
 .bss           0x00800168        0x0 d:/program sources/eclipse-cpp-2022-06-r-win32-x86_64/eclipse/winavr/bin/../lib/gcc/avr/4.3.3/avr5\libgcc.a(_fixunssfsi.o)
 .bss           0x00800168        0x0 d:/program sources/eclipse-cpp-2022-06-r-win32-x86_64/eclipse/winavr/bin/../lib/gcc/avr/4.3.3/avr5\libgcc.a(_addsub_sf.o)
 .bss           0x00800168        0x0 d:/program sources/eclipse-cpp-2022-06-r-win32-x86_64/eclipse/winavr/bin/../lib/gcc/avr/4.3.3/avr5\libgcc.a(_mul_sf.o)
 .bss           0x00800168        0x0 d:/program sources/eclipse-cpp-2022-06-r-win32-x86_64/eclipse/winavr/bin/../lib/gcc/avr/4.3.3/avr5\libgcc.a(_div_sf.o)
 .bss           0x00800168        0x0 d:/program sources/eclipse-cpp-2022-06-r-win32-x86_64/eclipse/winavr/bin/../lib/gcc/avr/4.3.3/avr5\libgcc.a(_gt_sf.o)
 .bss           0x00800168        0x0 d:/program sources/eclipse-cpp-2022-06-r-win32-x86_64/eclipse/winavr/bin/../lib/gcc/avr/4.3.3/avr5\libgcc.a(_ge_sf.o)
 .bss           0x00800168        0x0 d:/program sources/eclipse-cpp-2022-06-r-win32-x86_64/eclipse/winavr/bin/../lib/gcc/avr/4.3.3/avr5\libgcc.a(_lt_sf.o)
 .bss           0x00800168        0x0 d:/program sources/eclipse-cpp-2022-06-r-win32-x86_64/eclipse/winavr/bin/../lib/gcc/avr/4.3.3/avr5\libgcc.a(_sf_to_si.o)
 .bss           0x00800168        0x0 d:/program sources/eclipse-cpp-2022-06-r-win32-x86_64/eclipse/winavr/bin/../lib/gcc/avr/4.3.3/avr5\libgcc.a(_thenan_sf.o)
 .bss           0x00800168        0x0 d:/program sources/eclipse-cpp-2022-06-r-win32-x86_64/eclipse/winavr/bin/../lib/gcc/avr/4.3.3/avr5\libgcc.a(_usi_to_sf.o)
 .bss           0x00800168        0x0 d:/program sources/eclipse-cpp-2022-06-r-win32-x86_64/eclipse/winavr/bin/../lib/gcc/avr/4.3.3/avr5\libgcc.a(_prologue.o)
 .bss           0x00800168        0x0 d:/program sources/eclipse-cpp-2022-06-r-win32-x86_64/eclipse/winavr/bin/../lib/gcc/avr/4.3.3/avr5\libgcc.a(_epilogue.o)
 .bss           0x00800168        0x0 d:/program sources/eclipse-cpp-2022-06-r-win32-x86_64/eclipse/winavr/bin/../lib/gcc/avr/4.3.3/avr5\libgcc.a(_copy_data.o)
 .bss           0x00800168        0x0 d:/program sources/eclipse-cpp-2022-06-r-win32-x86_64/eclipse/winavr/bin/../lib/gcc/avr/4.3.3/avr5\libgcc.a(_clzsi2.o)
 .bss           0x00800168        0x0 d:/program sources/eclipse-cpp-2022-06-r-win32-x86_64/eclipse/winavr/bin/../lib/gcc/avr/4.3.3/avr5\libgcc.a(_pack_sf.o)
 .bss           0x00800168        0x0 d:/program sources/eclipse-cpp-2022-06-r-win32-x86_64/eclipse/winavr/bin/../lib/gcc/avr/4.3.3/avr5\libgcc.a(_unpack_sf.o)
 .bss           0x00800168        0x0 d:/program sources/eclipse-cpp-2022-06-r-win32-x86_64/eclipse/winavr/bin/../lib/gcc/avr/4.3.3/avr5\libgcc.a(_fpcmp_parts_sf.o)
 .bss           0x00800168        0x0 d:/program sources/eclipse-cpp-2022-06-r-win32-x86_64/eclipse/winavr/bin/../lib/gcc/avr/4.3.3/avr5\libgcc.a(_clz.o)
 .bss           0x00800168        0x0 d:/program sources/eclipse-cpp-2022-06-r-win32-x86_64/eclipse/winavr/bin/../lib/gcc/avr/4.3.3/../../../../avr/lib/avr5\libc.a(ceil.o)
 .bss           0x00800168        0x0 d:/program sources/eclipse-cpp-2022-06-r-win32-x86_64/eclipse/winavr/bin/../lib/gcc/avr/4.3.3/../../../../avr/lib/avr5\libc.a(fp_mintl.o)
 .bss           0x00800168        0x0 d:/program sources/eclipse-cpp-2022-06-r-win32-x86_64/eclipse/winavr/bin/../lib/gcc/avr/4.3.3/../../../../avr/lib/avr5\libc.a(fp_mpack.o)
 .bss           0x00800168        0x0 d:/program sources/eclipse-cpp-2022-06-r-win32-x86_64/eclipse/winavr/bin/../lib/gcc/avr/4.3.3/../../../../avr/lib/avr5\libc.a(fp_trunc.o)
 .bss           0x00800168        0x0 d:/program sources/eclipse-cpp-2022-06-r-win32-x86_64/eclipse/winavr/bin/../lib/gcc/avr/4.3.3/../../../../avr/lib/avr5\libc.a(fp_zero.o)
 .bss           0x00800168        0x0 d:/program sources/eclipse-cpp-2022-06-r-win32-x86_64/eclipse/winavr/bin/../lib/gcc/avr/4.3.3/../../../../avr/lib/avr5\libc.a(fp_split3.o)
 *(.bss*)
 .bss.Timer_pvoidOVFNotificationFunction
                0x00800168        0x2 ./MCAL/Timer/Timer_program.o
 .bss.Timer_pvoidCTCNotificationFunction
                0x0080016a        0x2 ./MCAL/Timer/Timer_program.o
 .bss.ICU_NotificationFunction
                0x0080016c        0x2 ./MCAL/Timer/Timer_program.o
 .bss.Arr_CallBack
                0x0080016e        0x6 ./MCAL/EXTI/EXTI_prog.o
 .bss.ADC_pvoidNotifiFunction
                0x00800174        0x2 ./MCAL/ADC/ADC_program.o
 .bss.Global_u16Reading1
                0x00800176        0x2 ./HAL/ULTRASONIC/ULTRASONIC_prog.o
                0x00800176                Global_u16Reading1
 .bss.Global_u16Reading2
                0x00800178        0x2 ./HAL/ULTRASONIC/ULTRASONIC_prog.o
                0x00800178                Global_u16Reading2
 .bss.Global_u8StateCounter
                0x0080017a        0x1 ./HAL/ULTRASONIC/ULTRASONIC_prog.o
                0x0080017a                Global_u8StateCounter
 *(COMMON)
 COMMON         0x0080017b        0x3 ./MCAL/ADC/ADC_program.o
                0x0080017b                ADC_u8DigitalValue
                0x0080017c                ADC_u16DigitalResult
                0x0080017e                PROVIDE (__bss_end, .)
                0x00002f0c                __data_load_start = LOADADDR (.data)
                0x00003014                __data_load_end = (__data_load_start + SIZEOF (.data))

.noinit         0x0080017e        0x0
                0x0080017e                PROVIDE (__noinit_start, .)
 *(.noinit*)
                0x0080017e                PROVIDE (__noinit_end, .)
                0x0080017e                _end = .
                0x0080017e                PROVIDE (__heap_start, .)

.eeprom         0x00810000        0x0
 *(.eeprom*)
                0x00810000                __eeprom_end = .

.fuse
 *(.fuse)
 *(.lfuse)
 *(.hfuse)
 *(.efuse)

.lock
 *(.lock*)

.signature
 *(.signature*)

.stab           0x00000000     0x2ec8
 *(.stab)
 .stab          0x00000000      0x888 ./MCAL/Timer/Timer_program.o
 .stab          0x00000888      0x1b0 ./MCAL/GIE/GIE_prog.o
                                0x1bc (size before relaxing)
 .stab          0x00000a38      0x378 ./MCAL/EXTI/EXTI_prog.o
                                0x384 (size before relaxing)
 .stab          0x00000db0      0x6cc ./MCAL/DIO/DIO_prog.o
                                0x6d8 (size before relaxing)
 .stab          0x0000147c      0x3b4 ./MCAL/ADC/ADC_program.o
                                0x3c0 (size before relaxing)
 .stab          0x00001830      0x600 ./HAL/ULTRASONIC/ULTRASONIC_prog.o
                                0x60c (size before relaxing)
 .stab          0x00001e30      0x264 ./HAL/LED/LED_prog.o
                                0x270 (size before relaxing)
 .stab          0x00002094      0x7f8 ./HAL/LCD/LCD_prog.o
                                0x990 (size before relaxing)
 .stab          0x0000288c      0x1ec ./HAL/BUTTON/BUTTON_program.o
                                0x1f8 (size before relaxing)
 .stab          0x00002a78      0x2a0 ./APP/main.o
                                0x438 (size before relaxing)
 .stab          0x00002d18       0xd8 ./newTest.o
                                 0xe4 (size before relaxing)
 .stab          0x00002df0       0xd8 ./tester.o
                                 0xe4 (size before relaxing)

.stabstr        0x00000000     0x196b
 *(.stabstr)
 .stabstr       0x00000000     0x196b ./MCAL/Timer/Timer_program.o

.stab.excl
 *(.stab.excl)

.stab.exclstr
 *(.stab.exclstr)

.stab.index
 *(.stab.index)

.stab.indexstr
 *(.stab.indexstr)

.comment
 *(.comment)

.debug
 *(.debug)

.line
 *(.line)

.debug_srcinfo
 *(.debug_srcinfo)

.debug_sfnames
 *(.debug_sfnames)

.debug_aranges  0x00000000      0x1a0
 *(.debug_aranges)
 .debug_aranges
                0x00000000       0x20 d:/program sources/eclipse-cpp-2022-06-r-win32-x86_64/eclipse/winavr/bin/../lib/gcc/avr/4.3.3/avr5\libgcc.a(_fixunssfsi.o)
 .debug_aranges
                0x00000020       0x20 d:/program sources/eclipse-cpp-2022-06-r-win32-x86_64/eclipse/winavr/bin/../lib/gcc/avr/4.3.3/avr5\libgcc.a(_addsub_sf.o)
 .debug_aranges
                0x00000040       0x20 d:/program sources/eclipse-cpp-2022-06-r-win32-x86_64/eclipse/winavr/bin/../lib/gcc/avr/4.3.3/avr5\libgcc.a(_mul_sf.o)
 .debug_aranges
                0x00000060       0x20 d:/program sources/eclipse-cpp-2022-06-r-win32-x86_64/eclipse/winavr/bin/../lib/gcc/avr/4.3.3/avr5\libgcc.a(_div_sf.o)
 .debug_aranges
                0x00000080       0x20 d:/program sources/eclipse-cpp-2022-06-r-win32-x86_64/eclipse/winavr/bin/../lib/gcc/avr/4.3.3/avr5\libgcc.a(_gt_sf.o)
 .debug_aranges
                0x000000a0       0x20 d:/program sources/eclipse-cpp-2022-06-r-win32-x86_64/eclipse/winavr/bin/../lib/gcc/avr/4.3.3/avr5\libgcc.a(_ge_sf.o)
 .debug_aranges
                0x000000c0       0x20 d:/program sources/eclipse-cpp-2022-06-r-win32-x86_64/eclipse/winavr/bin/../lib/gcc/avr/4.3.3/avr5\libgcc.a(_lt_sf.o)
 .debug_aranges
                0x000000e0       0x20 d:/program sources/eclipse-cpp-2022-06-r-win32-x86_64/eclipse/winavr/bin/../lib/gcc/avr/4.3.3/avr5\libgcc.a(_sf_to_si.o)
 .debug_aranges
                0x00000100       0x20 d:/program sources/eclipse-cpp-2022-06-r-win32-x86_64/eclipse/winavr/bin/../lib/gcc/avr/4.3.3/avr5\libgcc.a(_usi_to_sf.o)
 .debug_aranges
                0x00000120       0x20 d:/program sources/eclipse-cpp-2022-06-r-win32-x86_64/eclipse/winavr/bin/../lib/gcc/avr/4.3.3/avr5\libgcc.a(_clzsi2.o)
 .debug_aranges
                0x00000140       0x20 d:/program sources/eclipse-cpp-2022-06-r-win32-x86_64/eclipse/winavr/bin/../lib/gcc/avr/4.3.3/avr5\libgcc.a(_pack_sf.o)
 .debug_aranges
                0x00000160       0x20 d:/program sources/eclipse-cpp-2022-06-r-win32-x86_64/eclipse/winavr/bin/../lib/gcc/avr/4.3.3/avr5\libgcc.a(_unpack_sf.o)
 .debug_aranges
                0x00000180       0x20 d:/program sources/eclipse-cpp-2022-06-r-win32-x86_64/eclipse/winavr/bin/../lib/gcc/avr/4.3.3/avr5\libgcc.a(_fpcmp_parts_sf.o)

.debug_pubnames
                0x00000000      0x1f2
 *(.debug_pubnames)
 .debug_pubnames
                0x00000000       0x23 d:/program sources/eclipse-cpp-2022-06-r-win32-x86_64/eclipse/winavr/bin/../lib/gcc/avr/4.3.3/avr5\libgcc.a(_fixunssfsi.o)
 .debug_pubnames
                0x00000023       0x2c d:/program sources/eclipse-cpp-2022-06-r-win32-x86_64/eclipse/winavr/bin/../lib/gcc/avr/4.3.3/avr5\libgcc.a(_addsub_sf.o)
 .debug_pubnames
                0x0000004f       0x1f d:/program sources/eclipse-cpp-2022-06-r-win32-x86_64/eclipse/winavr/bin/../lib/gcc/avr/4.3.3/avr5\libgcc.a(_mul_sf.o)
 .debug_pubnames
                0x0000006e       0x1f d:/program sources/eclipse-cpp-2022-06-r-win32-x86_64/eclipse/winavr/bin/../lib/gcc/avr/4.3.3/avr5\libgcc.a(_div_sf.o)
 .debug_pubnames
                0x0000008d       0x1e d:/program sources/eclipse-cpp-2022-06-r-win32-x86_64/eclipse/winavr/bin/../lib/gcc/avr/4.3.3/avr5\libgcc.a(_gt_sf.o)
 .debug_pubnames
                0x000000ab       0x1e d:/program sources/eclipse-cpp-2022-06-r-win32-x86_64/eclipse/winavr/bin/../lib/gcc/avr/4.3.3/avr5\libgcc.a(_ge_sf.o)
 .debug_pubnames
                0x000000c9       0x1e d:/program sources/eclipse-cpp-2022-06-r-win32-x86_64/eclipse/winavr/bin/../lib/gcc/avr/4.3.3/avr5\libgcc.a(_lt_sf.o)
 .debug_pubnames
                0x000000e7       0x20 d:/program sources/eclipse-cpp-2022-06-r-win32-x86_64/eclipse/winavr/bin/../lib/gcc/avr/4.3.3/avr5\libgcc.a(_sf_to_si.o)
 .debug_pubnames
                0x00000107       0x22 d:/program sources/eclipse-cpp-2022-06-r-win32-x86_64/eclipse/winavr/bin/../lib/gcc/avr/4.3.3/avr5\libgcc.a(_thenan_sf.o)
 .debug_pubnames
                0x00000129       0x24 d:/program sources/eclipse-cpp-2022-06-r-win32-x86_64/eclipse/winavr/bin/../lib/gcc/avr/4.3.3/avr5\libgcc.a(_usi_to_sf.o)
 .debug_pubnames
                0x0000014d       0x1f d:/program sources/eclipse-cpp-2022-06-r-win32-x86_64/eclipse/winavr/bin/../lib/gcc/avr/4.3.3/avr5\libgcc.a(_clzsi2.o)
 .debug_pubnames
                0x0000016c       0x1f d:/program sources/eclipse-cpp-2022-06-r-win32-x86_64/eclipse/winavr/bin/../lib/gcc/avr/4.3.3/avr5\libgcc.a(_pack_sf.o)
 .debug_pubnames
                0x0000018b       0x21 d:/program sources/eclipse-cpp-2022-06-r-win32-x86_64/eclipse/winavr/bin/../lib/gcc/avr/4.3.3/avr5\libgcc.a(_unpack_sf.o)
 .debug_pubnames
                0x000001ac       0x26 d:/program sources/eclipse-cpp-2022-06-r-win32-x86_64/eclipse/winavr/bin/../lib/gcc/avr/4.3.3/avr5\libgcc.a(_fpcmp_parts_sf.o)
 .debug_pubnames
                0x000001d2       0x20 d:/program sources/eclipse-cpp-2022-06-r-win32-x86_64/eclipse/winavr/bin/../lib/gcc/avr/4.3.3/avr5\libgcc.a(_clz.o)

.debug_info     0x00000000     0x240b
 *(.debug_info)
 .debug_info    0x00000000       0xb1 d:/program sources/eclipse-cpp-2022-06-r-win32-x86_64/eclipse/winavr/bin/../lib/gcc/avr/4.3.3/avr5\libgcc.a(_fixunssfsi.o)
 .debug_info    0x000000b1      0x47a d:/program sources/eclipse-cpp-2022-06-r-win32-x86_64/eclipse/winavr/bin/../lib/gcc/avr/4.3.3/avr5\libgcc.a(_addsub_sf.o)
 .debug_info    0x0000052b      0x485 d:/program sources/eclipse-cpp-2022-06-r-win32-x86_64/eclipse/winavr/bin/../lib/gcc/avr/4.3.3/avr5\libgcc.a(_mul_sf.o)
 .debug_info    0x000009b0      0x3fc d:/program sources/eclipse-cpp-2022-06-r-win32-x86_64/eclipse/winavr/bin/../lib/gcc/avr/4.3.3/avr5\libgcc.a(_div_sf.o)
 .debug_info    0x00000dac      0x27f d:/program sources/eclipse-cpp-2022-06-r-win32-x86_64/eclipse/winavr/bin/../lib/gcc/avr/4.3.3/avr5\libgcc.a(_gt_sf.o)
 .debug_info    0x0000102b      0x27f d:/program sources/eclipse-cpp-2022-06-r-win32-x86_64/eclipse/winavr/bin/../lib/gcc/avr/4.3.3/avr5\libgcc.a(_ge_sf.o)
 .debug_info    0x000012aa      0x27f d:/program sources/eclipse-cpp-2022-06-r-win32-x86_64/eclipse/winavr/bin/../lib/gcc/avr/4.3.3/avr5\libgcc.a(_lt_sf.o)
 .debug_info    0x00001529      0x2b0 d:/program sources/eclipse-cpp-2022-06-r-win32-x86_64/eclipse/winavr/bin/../lib/gcc/avr/4.3.3/avr5\libgcc.a(_sf_to_si.o)
 .debug_info    0x000017d9      0x12c d:/program sources/eclipse-cpp-2022-06-r-win32-x86_64/eclipse/winavr/bin/../lib/gcc/avr/4.3.3/avr5\libgcc.a(_thenan_sf.o)
 .debug_info    0x00001905      0x206 d:/program sources/eclipse-cpp-2022-06-r-win32-x86_64/eclipse/winavr/bin/../lib/gcc/avr/4.3.3/avr5\libgcc.a(_usi_to_sf.o)
 .debug_info    0x00001b0b      0x117 d:/program sources/eclipse-cpp-2022-06-r-win32-x86_64/eclipse/winavr/bin/../lib/gcc/avr/4.3.3/avr5\libgcc.a(_clzsi2.o)
 .debug_info    0x00001c22      0x2df d:/program sources/eclipse-cpp-2022-06-r-win32-x86_64/eclipse/winavr/bin/../lib/gcc/avr/4.3.3/avr5\libgcc.a(_pack_sf.o)
 .debug_info    0x00001f01      0x251 d:/program sources/eclipse-cpp-2022-06-r-win32-x86_64/eclipse/winavr/bin/../lib/gcc/avr/4.3.3/avr5\libgcc.a(_unpack_sf.o)
 .debug_info    0x00002152      0x210 d:/program sources/eclipse-cpp-2022-06-r-win32-x86_64/eclipse/winavr/bin/../lib/gcc/avr/4.3.3/avr5\libgcc.a(_fpcmp_parts_sf.o)
 .debug_info    0x00002362       0xa9 d:/program sources/eclipse-cpp-2022-06-r-win32-x86_64/eclipse/winavr/bin/../lib/gcc/avr/4.3.3/avr5\libgcc.a(_clz.o)
 *(.gnu.linkonce.wi.*)

.debug_abbrev   0x00000000     0x1386
 *(.debug_abbrev)
 .debug_abbrev  0x00000000       0x5d d:/program sources/eclipse-cpp-2022-06-r-win32-x86_64/eclipse/winavr/bin/../lib/gcc/avr/4.3.3/avr5\libgcc.a(_fixunssfsi.o)
 .debug_abbrev  0x0000005d      0x1ea d:/program sources/eclipse-cpp-2022-06-r-win32-x86_64/eclipse/winavr/bin/../lib/gcc/avr/4.3.3/avr5\libgcc.a(_addsub_sf.o)
 .debug_abbrev  0x00000247      0x21b d:/program sources/eclipse-cpp-2022-06-r-win32-x86_64/eclipse/winavr/bin/../lib/gcc/avr/4.3.3/avr5\libgcc.a(_mul_sf.o)
 .debug_abbrev  0x00000462      0x216 d:/program sources/eclipse-cpp-2022-06-r-win32-x86_64/eclipse/winavr/bin/../lib/gcc/avr/4.3.3/avr5\libgcc.a(_div_sf.o)
 .debug_abbrev  0x00000678      0x15a d:/program sources/eclipse-cpp-2022-06-r-win32-x86_64/eclipse/winavr/bin/../lib/gcc/avr/4.3.3/avr5\libgcc.a(_gt_sf.o)
 .debug_abbrev  0x000007d2      0x15a d:/program sources/eclipse-cpp-2022-06-r-win32-x86_64/eclipse/winavr/bin/../lib/gcc/avr/4.3.3/avr5\libgcc.a(_ge_sf.o)
 .debug_abbrev  0x0000092c      0x15a d:/program sources/eclipse-cpp-2022-06-r-win32-x86_64/eclipse/winavr/bin/../lib/gcc/avr/4.3.3/avr5\libgcc.a(_lt_sf.o)
 .debug_abbrev  0x00000a86      0x17f d:/program sources/eclipse-cpp-2022-06-r-win32-x86_64/eclipse/winavr/bin/../lib/gcc/avr/4.3.3/avr5\libgcc.a(_sf_to_si.o)
 .debug_abbrev  0x00000c05       0xad d:/program sources/eclipse-cpp-2022-06-r-win32-x86_64/eclipse/winavr/bin/../lib/gcc/avr/4.3.3/avr5\libgcc.a(_thenan_sf.o)
 .debug_abbrev  0x00000cb2      0x157 d:/program sources/eclipse-cpp-2022-06-r-win32-x86_64/eclipse/winavr/bin/../lib/gcc/avr/4.3.3/avr5\libgcc.a(_usi_to_sf.o)
 .debug_abbrev  0x00000e09       0xc4 d:/program sources/eclipse-cpp-2022-06-r-win32-x86_64/eclipse/winavr/bin/../lib/gcc/avr/4.3.3/avr5\libgcc.a(_clzsi2.o)
 .debug_abbrev  0x00000ecd      0x1c0 d:/program sources/eclipse-cpp-2022-06-r-win32-x86_64/eclipse/winavr/bin/../lib/gcc/avr/4.3.3/avr5\libgcc.a(_pack_sf.o)
 .debug_abbrev  0x0000108d      0x154 d:/program sources/eclipse-cpp-2022-06-r-win32-x86_64/eclipse/winavr/bin/../lib/gcc/avr/4.3.3/avr5\libgcc.a(_unpack_sf.o)
 .debug_abbrev  0x000011e1      0x13b d:/program sources/eclipse-cpp-2022-06-r-win32-x86_64/eclipse/winavr/bin/../lib/gcc/avr/4.3.3/avr5\libgcc.a(_fpcmp_parts_sf.o)
 .debug_abbrev  0x0000131c       0x6a d:/program sources/eclipse-cpp-2022-06-r-win32-x86_64/eclipse/winavr/bin/../lib/gcc/avr/4.3.3/avr5\libgcc.a(_clz.o)

.debug_line     0x00000000     0x11d6
 *(.debug_line)
 .debug_line    0x00000000       0xa7 d:/program sources/eclipse-cpp-2022-06-r-win32-x86_64/eclipse/winavr/bin/../lib/gcc/avr/4.3.3/avr5\libgcc.a(_fixunssfsi.o)
 .debug_line    0x000000a7      0x2af d:/program sources/eclipse-cpp-2022-06-r-win32-x86_64/eclipse/winavr/bin/../lib/gcc/avr/4.3.3/avr5\libgcc.a(_addsub_sf.o)
 .debug_line    0x00000356      0x239 d:/program sources/eclipse-cpp-2022-06-r-win32-x86_64/eclipse/winavr/bin/../lib/gcc/avr/4.3.3/avr5\libgcc.a(_mul_sf.o)
 .debug_line    0x0000058f      0x1d5 d:/program sources/eclipse-cpp-2022-06-r-win32-x86_64/eclipse/winavr/bin/../lib/gcc/avr/4.3.3/avr5\libgcc.a(_div_sf.o)
 .debug_line    0x00000764       0xd3 d:/program sources/eclipse-cpp-2022-06-r-win32-x86_64/eclipse/winavr/bin/../lib/gcc/avr/4.3.3/avr5\libgcc.a(_gt_sf.o)
 .debug_line    0x00000837       0xd3 d:/program sources/eclipse-cpp-2022-06-r-win32-x86_64/eclipse/winavr/bin/../lib/gcc/avr/4.3.3/avr5\libgcc.a(_ge_sf.o)
 .debug_line    0x0000090a       0xd3 d:/program sources/eclipse-cpp-2022-06-r-win32-x86_64/eclipse/winavr/bin/../lib/gcc/avr/4.3.3/avr5\libgcc.a(_lt_sf.o)
 .debug_line    0x000009dd      0x109 d:/program sources/eclipse-cpp-2022-06-r-win32-x86_64/eclipse/winavr/bin/../lib/gcc/avr/4.3.3/avr5\libgcc.a(_sf_to_si.o)
 .debug_line    0x00000ae6       0x90 d:/program sources/eclipse-cpp-2022-06-r-win32-x86_64/eclipse/winavr/bin/../lib/gcc/avr/4.3.3/avr5\libgcc.a(_thenan_sf.o)
 .debug_line    0x00000b76      0x133 d:/program sources/eclipse-cpp-2022-06-r-win32-x86_64/eclipse/winavr/bin/../lib/gcc/avr/4.3.3/avr5\libgcc.a(_usi_to_sf.o)
 .debug_line    0x00000ca9       0xa5 d:/program sources/eclipse-cpp-2022-06-r-win32-x86_64/eclipse/winavr/bin/../lib/gcc/avr/4.3.3/avr5\libgcc.a(_clzsi2.o)
 .debug_line    0x00000d4e      0x18a d:/program sources/eclipse-cpp-2022-06-r-win32-x86_64/eclipse/winavr/bin/../lib/gcc/avr/4.3.3/avr5\libgcc.a(_pack_sf.o)
 .debug_line    0x00000ed8      0x14b d:/program sources/eclipse-cpp-2022-06-r-win32-x86_64/eclipse/winavr/bin/../lib/gcc/avr/4.3.3/avr5\libgcc.a(_unpack_sf.o)
 .debug_line    0x00001023      0x137 d:/program sources/eclipse-cpp-2022-06-r-win32-x86_64/eclipse/winavr/bin/../lib/gcc/avr/4.3.3/avr5\libgcc.a(_fpcmp_parts_sf.o)
 .debug_line    0x0000115a       0x7c d:/program sources/eclipse-cpp-2022-06-r-win32-x86_64/eclipse/winavr/bin/../lib/gcc/avr/4.3.3/avr5\libgcc.a(_clz.o)

.debug_frame    0x00000000      0x1c0
 *(.debug_frame)
 .debug_frame   0x00000000       0x20 d:/program sources/eclipse-cpp-2022-06-r-win32-x86_64/eclipse/winavr/bin/../lib/gcc/avr/4.3.3/avr5\libgcc.a(_fixunssfsi.o)
 .debug_frame   0x00000020       0x40 d:/program sources/eclipse-cpp-2022-06-r-win32-x86_64/eclipse/winavr/bin/../lib/gcc/avr/4.3.3/avr5\libgcc.a(_addsub_sf.o)
 .debug_frame   0x00000060       0x20 d:/program sources/eclipse-cpp-2022-06-r-win32-x86_64/eclipse/winavr/bin/../lib/gcc/avr/4.3.3/avr5\libgcc.a(_mul_sf.o)
 .debug_frame   0x00000080       0x20 d:/program sources/eclipse-cpp-2022-06-r-win32-x86_64/eclipse/winavr/bin/../lib/gcc/avr/4.3.3/avr5\libgcc.a(_div_sf.o)
 .debug_frame   0x000000a0       0x20 d:/program sources/eclipse-cpp-2022-06-r-win32-x86_64/eclipse/winavr/bin/../lib/gcc/avr/4.3.3/avr5\libgcc.a(_gt_sf.o)
 .debug_frame   0x000000c0       0x20 d:/program sources/eclipse-cpp-2022-06-r-win32-x86_64/eclipse/winavr/bin/../lib/gcc/avr/4.3.3/avr5\libgcc.a(_ge_sf.o)
 .debug_frame   0x000000e0       0x20 d:/program sources/eclipse-cpp-2022-06-r-win32-x86_64/eclipse/winavr/bin/../lib/gcc/avr/4.3.3/avr5\libgcc.a(_lt_sf.o)
 .debug_frame   0x00000100       0x20 d:/program sources/eclipse-cpp-2022-06-r-win32-x86_64/eclipse/winavr/bin/../lib/gcc/avr/4.3.3/avr5\libgcc.a(_sf_to_si.o)
 .debug_frame   0x00000120       0x20 d:/program sources/eclipse-cpp-2022-06-r-win32-x86_64/eclipse/winavr/bin/../lib/gcc/avr/4.3.3/avr5\libgcc.a(_usi_to_sf.o)
 .debug_frame   0x00000140       0x20 d:/program sources/eclipse-cpp-2022-06-r-win32-x86_64/eclipse/winavr/bin/../lib/gcc/avr/4.3.3/avr5\libgcc.a(_clzsi2.o)
 .debug_frame   0x00000160       0x20 d:/program sources/eclipse-cpp-2022-06-r-win32-x86_64/eclipse/winavr/bin/../lib/gcc/avr/4.3.3/avr5\libgcc.a(_pack_sf.o)
 .debug_frame   0x00000180       0x20 d:/program sources/eclipse-cpp-2022-06-r-win32-x86_64/eclipse/winavr/bin/../lib/gcc/avr/4.3.3/avr5\libgcc.a(_unpack_sf.o)
 .debug_frame   0x000001a0       0x20 d:/program sources/eclipse-cpp-2022-06-r-win32-x86_64/eclipse/winavr/bin/../lib/gcc/avr/4.3.3/avr5\libgcc.a(_fpcmp_parts_sf.o)

.debug_str      0x00000000      0x2f6
 *(.debug_str)
 .debug_str     0x00000000       0xbf d:/program sources/eclipse-cpp-2022-06-r-win32-x86_64/eclipse/winavr/bin/../lib/gcc/avr/4.3.3/avr5\libgcc.a(_fixunssfsi.o)
                                 0xfe (size before relaxing)
 .debug_str     0x000000bf      0x14d d:/program sources/eclipse-cpp-2022-06-r-win32-x86_64/eclipse/winavr/bin/../lib/gcc/avr/4.3.3/avr5\libgcc.a(_addsub_sf.o)
                                0x206 (size before relaxing)
 .debug_str     0x0000020c       0x27 d:/program sources/eclipse-cpp-2022-06-r-win32-x86_64/eclipse/winavr/bin/../lib/gcc/avr/4.3.3/avr5\libgcc.a(_mul_sf.o)
                                0x1bf (size before relaxing)
 .debug_str     0x00000233       0x35 d:/program sources/eclipse-cpp-2022-06-r-win32-x86_64/eclipse/winavr/bin/../lib/gcc/avr/4.3.3/avr5\libgcc.a(_div_sf.o)
                                0x1c8 (size before relaxing)
 .debug_str     0x00000268        0x8 d:/program sources/eclipse-cpp-2022-06-r-win32-x86_64/eclipse/winavr/bin/../lib/gcc/avr/4.3.3/avr5\libgcc.a(_gt_sf.o)
                                0x195 (size before relaxing)
 .debug_str     0x00000270        0x8 d:/program sources/eclipse-cpp-2022-06-r-win32-x86_64/eclipse/winavr/bin/../lib/gcc/avr/4.3.3/avr5\libgcc.a(_ge_sf.o)
                                0x195 (size before relaxing)
 .debug_str     0x00000278        0x8 d:/program sources/eclipse-cpp-2022-06-r-win32-x86_64/eclipse/winavr/bin/../lib/gcc/avr/4.3.3/avr5\libgcc.a(_lt_sf.o)
                                0x195 (size before relaxing)
 .debug_str     0x00000280        0xa d:/program sources/eclipse-cpp-2022-06-r-win32-x86_64/eclipse/winavr/bin/../lib/gcc/avr/4.3.3/avr5\libgcc.a(_sf_to_si.o)
                                0x19e (size before relaxing)
 .debug_str     0x00000000      0x103 d:/program sources/eclipse-cpp-2022-06-r-win32-x86_64/eclipse/winavr/bin/../lib/gcc/avr/4.3.3/avr5\libgcc.a(_thenan_sf.o)
 .debug_str     0x0000028a       0x21 d:/program sources/eclipse-cpp-2022-06-r-win32-x86_64/eclipse/winavr/bin/../lib/gcc/avr/4.3.3/avr5\libgcc.a(_usi_to_sf.o)
                                0x177 (size before relaxing)
 .debug_str     0x000002ab       0x20 d:/program sources/eclipse-cpp-2022-06-r-win32-x86_64/eclipse/winavr/bin/../lib/gcc/avr/4.3.3/avr5\libgcc.a(_clzsi2.o)
                                0x111 (size before relaxing)
 .debug_str     0x000002cb       0x10 d:/program sources/eclipse-cpp-2022-06-r-win32-x86_64/eclipse/winavr/bin/../lib/gcc/avr/4.3.3/avr5\libgcc.a(_pack_sf.o)
                                0x19d (size before relaxing)
 .debug_str     0x000002db        0xb d:/program sources/eclipse-cpp-2022-06-r-win32-x86_64/eclipse/winavr/bin/../lib/gcc/avr/4.3.3/avr5\libgcc.a(_unpack_sf.o)
                                0x17f (size before relaxing)
 .debug_str     0x000002e6       0x10 d:/program sources/eclipse-cpp-2022-06-r-win32-x86_64/eclipse/winavr/bin/../lib/gcc/avr/4.3.3/avr5\libgcc.a(_fpcmp_parts_sf.o)
                                0x163 (size before relaxing)
 .debug_str     0x00000000       0xf4 d:/program sources/eclipse-cpp-2022-06-r-win32-x86_64/eclipse/winavr/bin/../lib/gcc/avr/4.3.3/avr5\libgcc.a(_clz.o)

.debug_loc      0x00000000      0x96e
 *(.debug_loc)
 .debug_loc     0x00000000       0x34 d:/program sources/eclipse-cpp-2022-06-r-win32-x86_64/eclipse/winavr/bin/../lib/gcc/avr/4.3.3/avr5\libgcc.a(_fixunssfsi.o)
 .debug_loc     0x00000034      0x32a d:/program sources/eclipse-cpp-2022-06-r-win32-x86_64/eclipse/winavr/bin/../lib/gcc/avr/4.3.3/avr5\libgcc.a(_addsub_sf.o)
 .debug_loc     0x0000035e      0x104 d:/program sources/eclipse-cpp-2022-06-r-win32-x86_64/eclipse/winavr/bin/../lib/gcc/avr/4.3.3/avr5\libgcc.a(_mul_sf.o)
 .debug_loc     0x00000462       0xc0 d:/program sources/eclipse-cpp-2022-06-r-win32-x86_64/eclipse/winavr/bin/../lib/gcc/avr/4.3.3/avr5\libgcc.a(_div_sf.o)
 .debug_loc     0x00000522       0x3c d:/program sources/eclipse-cpp-2022-06-r-win32-x86_64/eclipse/winavr/bin/../lib/gcc/avr/4.3.3/avr5\libgcc.a(_gt_sf.o)
 .debug_loc     0x0000055e       0x3c d:/program sources/eclipse-cpp-2022-06-r-win32-x86_64/eclipse/winavr/bin/../lib/gcc/avr/4.3.3/avr5\libgcc.a(_ge_sf.o)
 .debug_loc     0x0000059a       0x3c d:/program sources/eclipse-cpp-2022-06-r-win32-x86_64/eclipse/winavr/bin/../lib/gcc/avr/4.3.3/avr5\libgcc.a(_lt_sf.o)
 .debug_loc     0x000005d6       0x7e d:/program sources/eclipse-cpp-2022-06-r-win32-x86_64/eclipse/winavr/bin/../lib/gcc/avr/4.3.3/avr5\libgcc.a(_sf_to_si.o)
 .debug_loc     0x00000654       0x4c d:/program sources/eclipse-cpp-2022-06-r-win32-x86_64/eclipse/winavr/bin/../lib/gcc/avr/4.3.3/avr5\libgcc.a(_usi_to_sf.o)
 .debug_loc     0x000006a0       0x94 d:/program sources/eclipse-cpp-2022-06-r-win32-x86_64/eclipse/winavr/bin/../lib/gcc/avr/4.3.3/avr5\libgcc.a(_clzsi2.o)
 .debug_loc     0x00000734      0x13e d:/program sources/eclipse-cpp-2022-06-r-win32-x86_64/eclipse/winavr/bin/../lib/gcc/avr/4.3.3/avr5\libgcc.a(_pack_sf.o)
 .debug_loc     0x00000872       0xac d:/program sources/eclipse-cpp-2022-06-r-win32-x86_64/eclipse/winavr/bin/../lib/gcc/avr/4.3.3/avr5\libgcc.a(_unpack_sf.o)
 .debug_loc     0x0000091e       0x50 d:/program sources/eclipse-cpp-2022-06-r-win32-x86_64/eclipse/winavr/bin/../lib/gcc/avr/4.3.3/avr5\libgcc.a(_fpcmp_parts_sf.o)

.debug_macinfo
 *(.debug_macinfo)
OUTPUT(Self-Parking_Car.elf elf32-avr)
LOAD linker stubs

.debug_ranges   0x00000000       0x50
 .debug_ranges  0x00000000       0x50 d:/program sources/eclipse-cpp-2022-06-r-win32-x86_64/eclipse/winavr/bin/../lib/gcc/avr/4.3.3/avr5\libgcc.a(_mul_sf.o)
